// Jest Snapshot v1, https://goo.gl/fbAQLP

exports[`With Snapshot Testing App shows "Batman TV Shows" 1`] = `
Array [
  <h1
    className="jsx-2013495906"
  >
    Batman TV Shows
  </h1>,
  <ul
    className="jsx-2013495906"
  >
    <li
      className="jsx-2013495906"
    >
      <a
        className="jsx-2013495906"
        href="/p/975"
        onClick={[Function]}
        onMouseEnter={[Function]}
      >
        Batman
      </a>
    </li>
  </ul>,
]
`;
